// Jest Snapshot v1, https://goo.gl/fbAQLP

exports[`App - Snapshot Tests should render App component 1`] = `
<div>
  <div
    class="MuiBox-root css-ejw0ia"
  >
    <h4
      class="MuiTypography-root MuiTypography-h4 css-5lbw0b-MuiTypography-root"
    >
      Contacts
    </h4>
    <h6
      class="MuiTypography-root MuiTypography-subtitle2 css-ati914-MuiTypography-root"
    >
      You have 
      0
       contacts.
    </h6>
    <div
      class="MuiBox-root css-0"
    >
      <button
        class="MuiButtonBase-root MuiButton-root MuiButton-text MuiButton-textPrimary MuiButton-sizeMedium MuiButton-textSizeMedium MuiButton-root MuiButton-text MuiButton-textPrimary MuiButton-sizeMedium MuiButton-textSizeMedium css-1e6y48t-MuiButtonBase-root-MuiButton-root"
        tabindex="0"
        type="button"
      >
        <span
          class="MuiButton-startIcon MuiButton-iconSizeMedium css-1d6wzja-MuiButton-startIcon"
        >
          <svg
            aria-hidden="true"
            class="MuiSvgIcon-root MuiSvgIcon-fontSizeMedium css-i4bv87-MuiSvgIcon-root"
            data-testid="PersonAddAlt1Icon"
            focusable="false"
            viewBox="0 0 24 24"
          >
            <path
              d="M13 8c0-2.21-1.79-4-4-4S5 5.79 5 8s1.79 4 4 4 4-1.79 4-4zm2 2v2h3v3h2v-3h3v-2h-3V7h-2v3h-3zM1 18v2h16v-2c0-2.66-5.33-4-8-4s-8 1.34-8 4z"
            />
          </svg>
        </span>
        Add New Contact
        <span
          class="MuiTouchRipple-root css-8je8zh-MuiTouchRipple-root"
        />
      </button>
    </div>
    <div />
  </div>
</div>
`;
